INFO: System started
WARNING: Low memory
ERROR: Failed to connect
INFO: User logged in
ERROR: Disk full
